.github/workflows/android.yml
README.md
app/src/main/kotlin/dev/mago/android/AppContainer.kt
core/model/src/main/kotlin/dev/mago/android/model/bridge/BridgeAction.kt
core/security/src/main/kotlin/dev/mago/android/security/AndroidKeystoreSecretStore.kt
core/security/src/main/kotlin/dev/mago/android/security/RpcSecretRecordCodec.kt
core/security/src/test/kotlin/dev/mago/android/security/RpcSecretRecordCodecTest.kt
core/termux/src/main/kotlin/dev/mago/android/termux/BridgeActionTimeoutPolicy.kt
core/termux/src/main/kotlin/dev/mago/android/termux/BridgeBundleMetadata.kt
core/termux/src/main/kotlin/dev/mago/android/termux/TermuxGatewayImpl.kt
core/termux/src/main/kotlin/dev/mago/android/termux/TermuxRunCommandClient.kt
core/termux/src/main/res/raw/mago_bridge_v1.tgz
core/termux/src/test/kotlin/dev/mago/android/termux/BridgeActionTimeoutPolicyTest.kt
core/ui/src/main/kotlin/dev/mago/android/ui/components/InstallationStepper.kt
docs/superpowers/plans/2026-07-25-mago-phase2-installer.md
domain/installation/build.gradle.kts
domain/installation/src/main/kotlin/dev/mago/android/installation/BootstrapCoordinatorImpl.kt
domain/installation/src/test/kotlin/dev/mago/android/installation/BootstrapCoordinatorImplTest.kt
feature/onboarding/src/main/kotlin/dev/mago/android/onboarding/OnboardingScreen.kt
termux-bridge/packaging/build_bundle.sh
termux-bridge/schemas/request.schema.json
termux-bridge/schemas/response.schema.json
termux-bridge/scripts/actions/clean-cache.sh
termux-bridge/scripts/actions/configure-rpc.sh
termux-bridge/scripts/actions/health-check.sh
termux-bridge/scripts/actions/initialize-database.sh
termux-bridge/scripts/actions/install-dependencies.sh
termux-bridge/scripts/actions/install-metasploit.sh
termux-bridge/scripts/actions/repair-metasploit.sh
termux-bridge/scripts/actions/start-rpc.sh
termux-bridge/scripts/actions/start-services.sh
termux-bridge/scripts/actions/stop-rpc.sh
termux-bridge/scripts/actions/stop-services.sh
termux-bridge/scripts/actions/update-metasploit.sh
termux-bridge/scripts/actions/update-packages.sh
termux-bridge/scripts/dispatch.sh
termux-bridge/scripts/lib/common.sh
termux-bridge/tests/contract_test.sh
termux-bridge/tests/fakes/bundle
termux-bridge/tests/fakes/createdb
termux-bridge/tests/fakes/gem
termux-bridge/tests/fakes/git
termux-bridge/tests/fakes/initdb
termux-bridge/tests/fakes/openssl
termux-bridge/tests/fakes/pg_ctl
termux-bridge/tests/fakes/pg_isready
termux-bridge/tests/fakes/pkg
termux-bridge/tests/fakes/psql
termux-bridge/tests/fakes/rake
termux-bridge/tests/fakes/ruby
